﻿[dotenv@17.3.1] injecting env (24) from .env -- tip: ΓÜÖ∩╕Å  write to custom object with { processEnv: myObject }

≡ƒöì Fetching user from Supabase...
Γ£à User: Rishit Tandon (linkedin_id: XywVYr6BVh)
   Token expires: 2026-06-03T15:30:41.000Z | Γ£à VALID

≡ƒôí Step 1: Verifying token via /userinfo...
Γ£à Token valid. LinkedIn name: Rishit Tandon

≡ƒô¥ Step 2: Posting a test text post via REST Posts API...
   Payload: {
  "author": "urn:li:person:XywVYr6BVh",
  "commentary": "≡ƒñû LinkedOut Pro test post ΓÇö 2026-04-04T17:04:29.750Z",
  "visibility": "PUBLIC",
  "distribution": {
    "feedDistribution": "MAIN_FEED"
  },
  "lifecycleState": "PUBLISHED"
}
node : Γ¥î Post failed!
At line:1 char:1
+ node test-linkedin.js > test-output.txt 2>&1; Get-Content 
test-output ...
+ ~~~~~~~~~~~~~~~~~~~~~~~~~~~~~~~~~~~~~~~~~~~~
    + CategoryInfo          : NotSpecified: (Γ¥î Post faile 
   d!:String) [], RemoteException
    + FullyQualifiedErrorId : NativeCommandError
 
   Status: 426
   Body:   {
  "status": 426,
  "code": "NONEXISTENT_VERSION",
  "message": "Requested version 20250101 is not active"
}
   Headers: {
  "content-type": "application/json",
  "x-restli-gateway-error": "true",
  "date": "Sat, 04 Apr 2026 17:04:14 GMT",
  "x-li-fabric": "prod-ltx1",
  "transfer-encoding": "chunked",
  "connection": "keep-alive",
  "x-li-source-fabric": "prod-lva1",
  "x-li-pop": "prod-lva1-x",
  "x-li-proto": "http/1.1",
  "x-li-uuid": "AAZOpWxUtPu6NMXq+rDNhw==",
  "set-cookie": [
    "bcookie=\"v=2&0993b2cb-d4af-4953-8b80-d95e0f034e89\"; 
domain=.linkedin.com; Path=/; Secure; Expires=Sun, 
04-Apr-2027 17:04:14 GMT; SameSite=None",
    "lidc=\"b=TB42:s=T:r=T:a=T:p=T:g=5650:u=1:x=1:i=17753222
54:t=1775324272:v=2:sig=AQGMqEsoOyMdz7C5KDex4oZcxgBpl2NP\""
  ],
  "x-li-route-key": "\"b=TB42:s=T:r=T:a=T:p=T:g=5650:u=1:x=1
:i=1775322254:t=1775324272:v=2:sig=AQGMqEsoOyMdz7C5KDex4oZcx
gBpl2NP\""
}
